  Determining projects to restore...
/home/mdickson/Documents/Projects/OpenSimulator/source/libopenmetaverse/OpenMetaverse/OpenMetaverse.csproj : warning NU1902: Package 'log4net' 2.0.14 has a known moderate severity vulnerability, https://github.com/advisories/GHSA-4f7c-pmjv-c25w [/home/mdickson/Documents/Projects/OpenSimulator/source/libopenmetaverse/OpenMetaverse.sln]
  All projects are up-to-date for restore.
/home/mdickson/Documents/Projects/OpenSimulator/source/libopenmetaverse/OpenMetaverse/OpenMetaverse.csproj : warning NU1902: Package 'log4net' 2.0.14 has a known moderate severity vulnerability, https://github.com/advisories/GHSA-4f7c-pmjv-c25w
  OpenMetaverse.Types -> /home/mdickson/Documents/Projects/OpenSimulator/source/libopenmetaverse/OpenMetaverse.Types/bin/Debug/net8.0/OpenMetaverse.Types.dll
  OpenMetaverse.StructuredData -> /home/mdickson/Documents/Projects/OpenSimulator/source/libopenmetaverse/OpenMetaverse.StructuredData/bin/Debug/net8.0/OpenMetaverse.StructuredData.dll
/home/mdickson/Documents/Projects/OpenSimulator/source/libopenmetaverse/OpenMetaverse/Assets/AssetTypes/AssetMesh.cs(32,7): warning CS0105: The using directive for 'OpenMetaverse.StructuredData' appeared previously in this namespace [/home/mdickson/Documents/Projects/OpenSimulator/source/libopenmetaverse/OpenMetaverse/OpenMetaverse.csproj]
/home/mdickson/Documents/Projects/OpenSimulator/source/libopenmetaverse/OpenMetaverse/DllmapConfigHelper.cs(42,22): warning CS8981: The type name 'dllmap' only contains lower-cased ascii characters. Such names may become reserved for the language. [/home/mdickson/Documents/Projects/OpenSimulator/source/libopenmetaverse/OpenMetaverse/OpenMetaverse.csproj]
/home/mdickson/Documents/Projects/OpenSimulator/source/libopenmetaverse/OpenMetaverse/DllmapConfigHelper.cs(55,22): warning CS8981: The type name 'configuration' only contains lower-cased ascii characters. Such names may become reserved for the language. [/home/mdickson/Documents/Projects/OpenSimulator/source/libopenmetaverse/OpenMetaverse/OpenMetaverse.csproj]
/home/mdickson/Documents/Projects/OpenSimulator/source/libopenmetaverse/OpenMetaverse/ImportExport/Collada.cs(174,26): warning CS8981: The type name 'asset' only contains lower-cased ascii characters. Such names may become reserved for the language. [/home/mdickson/Documents/Projects/OpenSimulator/source/libopenmetaverse/OpenMetaverse/OpenMetaverse.csproj]
/home/mdickson/Documents/Projects/OpenSimulator/source/libopenmetaverse/OpenMetaverse/ImportExport/Collada.cs(13040,26): warning CS8981: The type name 'sampler' only contains lower-cased ascii characters. Such names may become reserved for the language. [/home/mdickson/Documents/Projects/OpenSimulator/source/libopenmetaverse/OpenMetaverse/OpenMetaverse.csproj]
/home/mdickson/Documents/Projects/OpenSimulator/source/libopenmetaverse/OpenMetaverse/ImportExport/Collada.cs(13083,26): warning CS8981: The type name 'source' only contains lower-cased ascii characters. Such names may become reserved for the language. [/home/mdickson/Documents/Projects/OpenSimulator/source/libopenmetaverse/OpenMetaverse/OpenMetaverse.csproj]
/home/mdickson/Documents/Projects/OpenSimulator/source/libopenmetaverse/OpenMetaverse/ImportExport/Collada.cs(13699,26): warning CS8981: The type name 'accessor' only contains lower-cased ascii characters. Such names may become reserved for the language. [/home/mdickson/Documents/Projects/OpenSimulator/source/libopenmetaverse/OpenMetaverse/OpenMetaverse.csproj]
/home/mdickson/Documents/Projects/OpenSimulator/source/libopenmetaverse/OpenMetaverse/ImportExport/Collada.cs(13798,26): warning CS8981: The type name 'param' only contains lower-cased ascii characters. Such names may become reserved for the language. [/home/mdickson/Documents/Projects/OpenSimulator/source/libopenmetaverse/OpenMetaverse/OpenMetaverse.csproj]
/home/mdickson/Documents/Projects/OpenSimulator/source/libopenmetaverse/OpenMetaverse/ImportExport/Collada.cs(2538,26): warning CS8981: The type name 'extra' only contains lower-cased ascii characters. Such names may become reserved for the language. [/home/mdickson/Documents/Projects/OpenSimulator/source/libopenmetaverse/OpenMetaverse/OpenMetaverse.csproj]
/home/mdickson/Documents/Projects/OpenSimulator/source/libopenmetaverse/OpenMetaverse/ImportExport/Collada.cs(2628,26): warning CS8981: The type name 'technique' only contains lower-cased ascii characters. Such names may become reserved for the language. [/home/mdickson/Documents/Projects/OpenSimulator/source/libopenmetaverse/OpenMetaverse/OpenMetaverse.csproj]
/home/mdickson/Documents/Projects/OpenSimulator/source/libopenmetaverse/OpenMetaverse/ImportExport/Collada.cs(13979,26): warning CS8981: The type name 'camera' only contains lower-cased ascii characters. Such names may become reserved for the language. [/home/mdickson/Documents/Projects/OpenSimulator/source/libopenmetaverse/OpenMetaverse/OpenMetaverse.csproj]
/home/mdickson/Documents/Projects/OpenSimulator/source/libopenmetaverse/OpenMetaverse/ImportExport/Collada.cs(14485,26): warning CS8981: The type name 'controller' only contains lower-cased ascii characters. Such names may become reserved for the language. [/home/mdickson/Documents/Projects/OpenSimulator/source/libopenmetaverse/OpenMetaverse/OpenMetaverse.csproj]
/home/mdickson/Documents/Projects/OpenSimulator/source/libopenmetaverse/OpenMetaverse/ImportExport/Collada.cs(14576,26): warning CS8981: The type name 'morph' only contains lower-cased ascii characters. Such names may become reserved for the language. [/home/mdickson/Documents/Projects/OpenSimulator/source/libopenmetaverse/OpenMetaverse/OpenMetaverse.csproj]
/home/mdickson/Documents/Projects/OpenSimulator/source/libopenmetaverse/OpenMetaverse/ImportExport/Collada.cs(14728,26): warning CS8981: The type name 'skin' only contains lower-cased ascii characters. Such names may become reserved for the language. [/home/mdickson/Documents/Projects/OpenSimulator/source/libopenmetaverse/OpenMetaverse/OpenMetaverse.csproj]
/home/mdickson/Documents/Projects/OpenSimulator/source/libopenmetaverse/OpenMetaverse/ImportExport/Collada.cs(15052,26): warning CS8981: The type name 'effect' only contains lower-cased ascii characters. Such names may become reserved for the language. [/home/mdickson/Documents/Projects/OpenSimulator/source/libopenmetaverse/OpenMetaverse/OpenMetaverse.csproj]
/home/mdickson/Documents/Projects/OpenSimulator/source/libopenmetaverse/OpenMetaverse/ImportExport/Collada.cs(15193,26): warning CS8981: The type name 'image' only contains lower-cased ascii characters. Such names may become reserved for the language. [/home/mdickson/Documents/Projects/OpenSimulator/source/libopenmetaverse/OpenMetaverse/OpenMetaverse.csproj]
/home/mdickson/Documents/Projects/OpenSimulator/source/libopenmetaverse/OpenMetaverse/ImportExport/Collada.cs(31533,26): warning CS8981: The type name 'vertices' only contains lower-cased ascii characters. Such names may become reserved for the language. [/home/mdickson/Documents/Projects/OpenSimulator/source/libopenmetaverse/OpenMetaverse/OpenMetaverse.csproj]
/home/mdickson/Documents/Projects/OpenSimulator/source/libopenmetaverse/OpenMetaverse/ImportExport/Collada.cs(31608,26): warning CS8981: The type name 'lines' only contains lower-cased ascii characters. Such names may become reserved for the language. [/home/mdickson/Documents/Projects/OpenSimulator/source/libopenmetaverse/OpenMetaverse/OpenMetaverse.csproj]
/home/mdickson/Documents/Projects/OpenSimulator/source/libopenmetaverse/OpenMetaverse/ImportExport/Collada.cs(31714,26): warning CS8981: The type name 'linestrips' only contains lower-cased ascii characters. Such names may become reserved for the language. [/home/mdickson/Documents/Projects/OpenSimulator/source/libopenmetaverse/OpenMetaverse/OpenMetaverse.csproj]
/home/mdickson/Documents/Projects/OpenSimulator/source/libopenmetaverse/OpenMetaverse/ImportExport/Collada.cs(31821,26): warning CS8981: The type name 'polygons' only contains lower-cased ascii characters. Such names may become reserved for the language. [/home/mdickson/Documents/Projects/OpenSimulator/source/libopenmetaverse/OpenMetaverse/OpenMetaverse.csproj]
/home/mdickson/Documents/Projects/OpenSimulator/source/libopenmetaverse/OpenMetaverse/ImportExport/Collada.cs(31970,26): warning CS8981: The type name 'polylist' only contains lower-cased ascii characters. Such names may become reserved for the language. [/home/mdickson/Documents/Projects/OpenSimulator/source/libopenmetaverse/OpenMetaverse/OpenMetaverse.csproj]
/home/mdickson/Documents/Projects/OpenSimulator/source/libopenmetaverse/OpenMetaverse/ImportExport/Collada.cs(32091,26): warning CS8981: The type name 'triangles' only contains lower-cased ascii characters. Such names may become reserved for the language. [/home/mdickson/Documents/Projects/OpenSimulator/source/libopenmetaverse/OpenMetaverse/OpenMetaverse.csproj]
/home/mdickson/Documents/Projects/OpenSimulator/source/libopenmetaverse/OpenMetaverse/ImportExport/Collada.cs(33302,26): warning CS8981: The type name 'material' only contains lower-cased ascii characters. Such names may become reserved for the language. [/home/mdickson/Documents/Projects/OpenSimulator/source/libopenmetaverse/OpenMetaverse/OpenMetaverse.csproj]
/home/mdickson/Documents/Projects/OpenSimulator/source/libopenmetaverse/OpenMetaverse/ImportExport/Collada.cs(32197,26): warning CS8981: The type name 'trifans' only contains lower-cased ascii characters. Such names may become reserved for the language. [/home/mdickson/Documents/Projects/OpenSimulator/source/libopenmetaverse/OpenMetaverse/OpenMetaverse.csproj]
/home/mdickson/Documents/Projects/OpenSimulator/source/libopenmetaverse/OpenMetaverse/ImportExport/Collada.cs(38217,26): warning CS8981: The type name 'ellipsoid' only contains lower-cased ascii characters. Such names may become reserved for the language. [/home/mdickson/Documents/Projects/OpenSimulator/source/libopenmetaverse/OpenMetaverse/OpenMetaverse.csproj]
/home/mdickson/Documents/Projects/OpenSimulator/source/libopenmetaverse/OpenMetaverse/ImportExport/Collada.cs(32304,26): warning CS8981: The type name 'tristrips' only contains lower-cased ascii characters. Such names may become reserved for the language. [/home/mdickson/Documents/Projects/OpenSimulator/source/libopenmetaverse/OpenMetaverse/OpenMetaverse.csproj]
/home/mdickson/Documents/Projects/OpenSimulator/source/libopenmetaverse/OpenMetaverse/ImportExport/Collada.cs(32411,26): warning CS8981: The type name 'mesh' only contains lower-cased ascii characters. Such names may become reserved for the language. [/home/mdickson/Documents/Projects/OpenSimulator/source/libopenmetaverse/OpenMetaverse/OpenMetaverse.csproj]
/home/mdickson/Documents/Projects/OpenSimulator/source/libopenmetaverse/OpenMetaverse/ImportExport/Collada.cs(34212,26): warning CS8981: The type name 'node' only contains lower-cased ascii characters. Such names may become reserved for the language. [/home/mdickson/Documents/Projects/OpenSimulator/source/libopenmetaverse/OpenMetaverse/OpenMetaverse.csproj]
/home/mdickson/Documents/Projects/OpenSimulator/source/libopenmetaverse/OpenMetaverse/ImportExport/Collada.cs(34475,26): warning CS8981: The type name 'lookat' only contains lower-cased ascii characters. Such names may become reserved for the language. [/home/mdickson/Documents/Projects/OpenSimulator/source/libopenmetaverse/OpenMetaverse/OpenMetaverse.csproj]
/home/mdickson/Documents/Projects/OpenSimulator/source/libopenmetaverse/OpenMetaverse/ImportExport/Collada.cs(34524,26): warning CS8981: The type name 'matrix' only contains lower-cased ascii characters. Such names may become reserved for the language. [/home/mdickson/Documents/Projects/OpenSimulator/source/libopenmetaverse/OpenMetaverse/OpenMetaverse.csproj]
/home/mdickson/Documents/Projects/OpenSimulator/source/libopenmetaverse/OpenMetaverse/ImportExport/Collada.cs(34573,26): warning CS8981: The type name 'rotate' only contains lower-cased ascii characters. Such names may become reserved for the language. [/home/mdickson/Documents/Projects/OpenSimulator/source/libopenmetaverse/OpenMetaverse/OpenMetaverse.csproj]
/home/mdickson/Documents/Projects/OpenSimulator/source/libopenmetaverse/OpenMetaverse/ImportExport/Collada.cs(34622,26): warning CS8981: The type name 'skew' only contains lower-cased ascii characters. Such names may become reserved for the language. [/home/mdickson/Documents/Projects/OpenSimulator/source/libopenmetaverse/OpenMetaverse/OpenMetaverse.csproj]
/home/mdickson/Documents/Projects/OpenSimulator/source/libopenmetaverse/OpenMetaverse/ImportExport/Collada.cs(32491,26): warning CS8981: The type name 'spline' only contains lower-cased ascii characters. Such names may become reserved for the language. [/home/mdickson/Documents/Projects/OpenSimulator/source/libopenmetaverse/OpenMetaverse/OpenMetaverse.csproj]
/home/mdickson/Documents/Projects/OpenSimulator/source/libopenmetaverse/OpenMetaverse/ImportExport/Collada.cs(32793,26): warning CS8981: The type name 'light' only contains lower-cased ascii characters. Such names may become reserved for the language. [/home/mdickson/Documents/Projects/OpenSimulator/source/libopenmetaverse/OpenMetaverse/OpenMetaverse.csproj]
/home/mdickson/Documents/Projects/OpenSimulator/source/libopenmetaverse/OpenMetaverse/ImportExport/Collada.cs(31345,26): warning CS8981: The type name 'geometry' only contains lower-cased ascii characters. Such names may become reserved for the language. [/home/mdickson/Documents/Projects/OpenSimulator/source/libopenmetaverse/OpenMetaverse/OpenMetaverse.csproj]
/home/mdickson/Documents/Projects/OpenSimulator/source/libopenmetaverse/OpenMetaverse/ImportExport/Collada.cs(12904,26): warning CS8981: The type name 'animation' only contains lower-cased ascii characters. Such names may become reserved for the language. [/home/mdickson/Documents/Projects/OpenSimulator/source/libopenmetaverse/OpenMetaverse/OpenMetaverse.csproj]
/home/mdickson/Documents/Projects/OpenSimulator/source/libopenmetaverse/OpenMetaverse/ImportExport/Collada.cs(12997,26): warning CS8981: The type name 'channel' only contains lower-cased ascii characters. Such names may become reserved for the language. [/home/mdickson/Documents/Projects/OpenSimulator/source/libopenmetaverse/OpenMetaverse/OpenMetaverse.csproj]
/home/mdickson/Documents/Projects/OpenSimulator/source/libopenmetaverse/OpenMetaverse/ImportExport/Collada.cs(35851,26): warning CS8981: The type name 'box' only contains lower-cased ascii characters. Such names may become reserved for the language. [/home/mdickson/Documents/Projects/OpenSimulator/source/libopenmetaverse/OpenMetaverse/OpenMetaverse.csproj]
/home/mdickson/Documents/Projects/OpenSimulator/source/libopenmetaverse/OpenMetaverse/ImportExport/Collada.cs(35893,26): warning CS8981: The type name 'capsule' only contains lower-cased ascii characters. Such names may become reserved for the language. [/home/mdickson/Documents/Projects/OpenSimulator/source/libopenmetaverse/OpenMetaverse/OpenMetaverse.csproj]
/home/mdickson/Documents/Projects/OpenSimulator/source/libopenmetaverse/OpenMetaverse/ImportExport/Collada.cs(35950,26): warning CS8981: The type name 'cylinder' only contains lower-cased ascii characters. Such names may become reserved for the language. [/home/mdickson/Documents/Projects/OpenSimulator/source/libopenmetaverse/OpenMetaverse/OpenMetaverse.csproj]
/home/mdickson/Documents/Projects/OpenSimulator/source/libopenmetaverse/OpenMetaverse/ImportExport/Collada.cs(36007,26): warning CS8981: The type name 'plane' only contains lower-cased ascii characters. Such names may become reserved for the language. [/home/mdickson/Documents/Projects/OpenSimulator/source/libopenmetaverse/OpenMetaverse/OpenMetaverse.csproj]
/home/mdickson/Documents/Projects/OpenSimulator/source/libopenmetaverse/OpenMetaverse/ImportExport/Collada.cs(36049,26): warning CS8981: The type name 'sphere' only contains lower-cased ascii characters. Such names may become reserved for the language. [/home/mdickson/Documents/Projects/OpenSimulator/source/libopenmetaverse/OpenMetaverse/OpenMetaverse.csproj]
/home/mdickson/Documents/Projects/OpenSimulator/source/libopenmetaverse/OpenMetaverse/Capabilities/CapsBase.cs(137,54): warning SYSLIB0014: 'WebRequest.Create(Uri)' is obsolete: 'WebRequest, HttpWebRequest, ServicePoint, and WebClient are obsolete. Use HttpClient instead.' (https://aka.ms/dotnet-warnings/SYSLIB0014) [/home/mdickson/Documents/Projects/OpenSimulator/source/libopenmetaverse/OpenMetaverse/OpenMetaverse.csproj]
/home/mdickson/Documents/Projects/OpenSimulator/source/libopenmetaverse/OpenMetaverse/DownloadManager.cs(130,54): warning SYSLIB0014: 'WebRequest.Create(Uri)' is obsolete: 'WebRequest, HttpWebRequest, ServicePoint, and WebClient are obsolete. Use HttpClient instead.' (https://aka.ms/dotnet-warnings/SYSLIB0014) [/home/mdickson/Documents/Projects/OpenSimulator/source/libopenmetaverse/OpenMetaverse/OpenMetaverse.csproj]
/home/mdickson/Documents/Projects/OpenSimulator/source/libopenmetaverse/OpenMetaverse/Imaging/BakeLayer.cs(212,22): warning CS0219: The variable 'processingSkin' is assigned but its value is never used [/home/mdickson/Documents/Projects/OpenSimulator/source/libopenmetaverse/OpenMetaverse/OpenMetaverse.csproj]
/home/mdickson/Documents/Projects/OpenSimulator/source/libopenmetaverse/OpenMetaverse/ImportExport/ColladalLoader.cs(157,86): warning CS0618: 'SKFilterQuality' is obsolete: 'Use SKSamplingOptions instead.' [/home/mdickson/Documents/Projects/OpenSimulator/source/libopenmetaverse/OpenMetaverse/OpenMetaverse.csproj]
/home/mdickson/Documents/Projects/OpenSimulator/source/libopenmetaverse/OpenMetaverse/ImportExport/ColladalLoader.cs(157,40): warning CS0618: 'SKBitmap.Resize(SKImageInfo, SKFilterQuality)' is obsolete: 'Use Resize(SKImageInfo info, SKSamplingOptions sampling) instead.' [/home/mdickson/Documents/Projects/OpenSimulator/source/libopenmetaverse/OpenMetaverse/OpenMetaverse.csproj]
/home/mdickson/Documents/Projects/OpenSimulator/source/libopenmetaverse/OpenMetaverse/AgentManagerMovement.cs(554,99): warning CS9193: Argument 1 should be a variable because it is passed to a 'ref readonly' parameter [/home/mdickson/Documents/Projects/OpenSimulator/source/libopenmetaverse/OpenMetaverse/OpenMetaverse.csproj]
/home/mdickson/Documents/Projects/OpenSimulator/source/libopenmetaverse/OpenMetaverse/EventDictionary.cs(215,27): warning CS0649: Field 'CapsEventDictionary.CapsCallbackWrapper.CapsEvent' is never assigned to, and will always have its default value null [/home/mdickson/Documents/Projects/OpenSimulator/source/libopenmetaverse/OpenMetaverse/OpenMetaverse.csproj]
/home/mdickson/Documents/Projects/OpenSimulator/source/libopenmetaverse/OpenMetaverse/ImportExport/ColladalLoader.cs(56,27): warning CS0649: Field 'ColladaLoader.Node.Name' is never assigned to, and will always have its default value null [/home/mdickson/Documents/Projects/OpenSimulator/source/libopenmetaverse/OpenMetaverse/OpenMetaverse.csproj]
/home/mdickson/Documents/Projects/OpenSimulator/source/libopenmetaverse/OpenMetaverse/EventDictionary.cs(213,44): warning CS0649: Field 'CapsEventDictionary.CapsCallbackWrapper.Callback' is never assigned to, and will always have its default value null [/home/mdickson/Documents/Projects/OpenSimulator/source/libopenmetaverse/OpenMetaverse/OpenMetaverse.csproj]
/home/mdickson/Documents/Projects/OpenSimulator/source/libopenmetaverse/OpenMetaverse/EventDictionary.cs(217,29): warning CS0649: Field 'CapsEventDictionary.CapsCallbackWrapper.Message' is never assigned to, and will always have its default value null [/home/mdickson/Documents/Projects/OpenSimulator/source/libopenmetaverse/OpenMetaverse/OpenMetaverse.csproj]
/home/mdickson/Documents/Projects/OpenSimulator/source/libopenmetaverse/OpenMetaverse/EventDictionary.cs(219,30): warning CS0649: Field 'CapsEventDictionary.CapsCallbackWrapper.Simulator' is never assigned to, and will always have its default value null [/home/mdickson/Documents/Projects/OpenSimulator/source/libopenmetaverse/OpenMetaverse/OpenMetaverse.csproj]
  OpenMetaverse -> /home/mdickson/Documents/Projects/OpenSimulator/source/libopenmetaverse/OpenMetaverse/bin/Debug/net8.0/OpenMetaverse.dll
/usr/lib/dotnet/sdk/10.0.107/Microsoft.Common.CurrentVersion.targets(2437,5): warning MSB3245: Could not resolve this reference. Could not locate the assembly "System.Windows.Forms". Check to make sure the assembly exists on disk. If this reference is required by your code, you may get compilation errors. [/home/mdickson/Documents/Projects/OpenSimulator/source/libopenmetaverse/OpenMetaverse.GUI/OpenMetaverse.GUI.csproj]
/usr/lib/dotnet/sdk/10.0.107/Microsoft.Common.CurrentVersion.targets(2437,5): warning MSB3243: No way to resolve conflict between "System.Windows.Forms, Version=8.0.0.0, Culture=neutral, PublicKeyToken=b77a5c561934e089" and "System.Windows.Forms". Choosing "System.Windows.Forms, Version=8.0.0.0, Culture=neutral, PublicKeyToken=b77a5c561934e089" arbitrarily. [/home/mdickson/Documents/Projects/OpenSimulator/source/libopenmetaverse/OpenMetaverse.GUI/OpenMetaverse.GUI.csproj]
/home/mdickson/Documents/Projects/OpenSimulator/source/libopenmetaverse/OpenMetaverse/OpenMetaverse.csproj : warning NU1902: Package 'log4net' 2.0.14 has a known moderate severity vulnerability, https://github.com/advisories/GHSA-4f7c-pmjv-c25w
  OpenMetaverse.Rendering.Simple -> /home/mdickson/Documents/Projects/OpenSimulator/source/libopenmetaverse/OpenMetaverse.Rendering.Simple/bin/Debug/net8.0/OpenMetaverse.Rendering.Simple.dll
  OpenMetaverse.Utilities -> /home/mdickson/Documents/Projects/OpenSimulator/source/libopenmetaverse/OpenMetaverse.Utilities/bin/Debug/net8.0/OpenMetaverse.Utilities.dll
  OpenMetaverse.Tests -> /home/mdickson/Documents/Projects/OpenSimulator/source/libopenmetaverse/OpenMetaverse.Tests/bin/Debug/net8.0/OpenMetaverse.Tests.dll
CSC : error CS5001: Program does not contain a static 'Main' method suitable for an entry point [/home/mdickson/Documents/Projects/OpenSimulator/source/libopenmetaverse/OpenMetaverse.GUI/OpenMetaverse.GUI.csproj]
/home/mdickson/Documents/Projects/OpenSimulator/source/libopenmetaverse/OpenMetaverse.GUI/LoginPanel.cs(196,17): warning SYSLIB0006: 'Thread.Abort()' is obsolete: 'Thread.Abort is not supported and throws PlatformNotSupportedException.' (https://aka.ms/dotnet-warnings/SYSLIB0006) [/home/mdickson/Documents/Projects/OpenSimulator/source/libopenmetaverse/OpenMetaverse.GUI/OpenMetaverse.GUI.csproj]
/home/mdickson/Documents/Projects/OpenSimulator/source/libopenmetaverse/OpenMetaverse.GUI/LoginPanel.cs(246,25): warning SYSLIB0006: 'Thread.Abort()' is obsolete: 'Thread.Abort is not supported and throws PlatformNotSupportedException.' (https://aka.ms/dotnet-warnings/SYSLIB0006) [/home/mdickson/Documents/Projects/OpenSimulator/source/libopenmetaverse/OpenMetaverse.GUI/OpenMetaverse.GUI.csproj]
/home/mdickson/Documents/Projects/OpenSimulator/source/libopenmetaverse/OpenMetaverse.GUI/MiniMap.cs(219,92): error CS1503: Argument 3: cannot convert from 'out System.Drawing.Image' to 'out SkiaSharp.SKBitmap' [/home/mdickson/Documents/Projects/OpenSimulator/source/libopenmetaverse/OpenMetaverse.GUI/OpenMetaverse.GUI.csproj]
  The package OpenMetaverse.1.2.0-beta-gc1eec2331d is missing a readme. Go to https://aka.ms/nuget/authoring-best-practices/readme to learn why package readmes are important.
  Successfully created package '/home/mdickson/Documents/Projects/OpenSimulator/source/libopenmetaverse/OpenMetaverse/bin/Debug/OpenMetaverse.1.2.0-beta-gc1eec2331d.nupkg'.
  OpenMetaverse.Rendering.Meshmerizer -> /home/mdickson/Documents/Projects/OpenSimulator/source/libopenmetaverse/OpenMetaverse.Rendering.Meshmerizer/bin/Debug/net8.0/OpenMetaverse.Rendering.Meshmerizer.dll
  The package OpenMetaverse.Rendering.Meshmerizer.1.2.0-beta-gc1eec2331d is missing a readme. Go to https://aka.ms/nuget/authoring-best-practices/readme to learn why package readmes are important.
  Successfully created package '/home/mdickson/Documents/Projects/OpenSimulator/source/libopenmetaverse/OpenMetaverse.Rendering.Meshmerizer/bin/Debug/OpenMetaverse.Rendering.Meshmerizer.1.2.0-beta-gc1eec2331d.nupkg'.

Build FAILED.

/home/mdickson/Documents/Projects/OpenSimulator/source/libopenmetaverse/OpenMetaverse/OpenMetaverse.csproj : warning NU1902: Package 'log4net' 2.0.14 has a known moderate severity vulnerability, https://github.com/advisories/GHSA-4f7c-pmjv-c25w [/home/mdickson/Documents/Projects/OpenSimulator/source/libopenmetaverse/OpenMetaverse.sln]
/home/mdickson/Documents/Projects/OpenSimulator/source/libopenmetaverse/OpenMetaverse/OpenMetaverse.csproj : warning NU1902: Package 'log4net' 2.0.14 has a known moderate severity vulnerability, https://github.com/advisories/GHSA-4f7c-pmjv-c25w
/home/mdickson/Documents/Projects/OpenSimulator/source/libopenmetaverse/OpenMetaverse/Assets/AssetTypes/AssetMesh.cs(32,7): warning CS0105: The using directive for 'OpenMetaverse.StructuredData' appeared previously in this namespace [/home/mdickson/Documents/Projects/OpenSimulator/source/libopenmetaverse/OpenMetaverse/OpenMetaverse.csproj]
/home/mdickson/Documents/Projects/OpenSimulator/source/libopenmetaverse/OpenMetaverse/DllmapConfigHelper.cs(42,22): warning CS8981: The type name 'dllmap' only contains lower-cased ascii characters. Such names may become reserved for the language. [/home/mdickson/Documents/Projects/OpenSimulator/source/libopenmetaverse/OpenMetaverse/OpenMetaverse.csproj]
/home/mdickson/Documents/Projects/OpenSimulator/source/libopenmetaverse/OpenMetaverse/DllmapConfigHelper.cs(55,22): warning CS8981: The type name 'configuration' only contains lower-cased ascii characters. Such names may become reserved for the language. [/home/mdickson/Documents/Projects/OpenSimulator/source/libopenmetaverse/OpenMetaverse/OpenMetaverse.csproj]
/home/mdickson/Documents/Projects/OpenSimulator/source/libopenmetaverse/OpenMetaverse/ImportExport/Collada.cs(174,26): warning CS8981: The type name 'asset' only contains lower-cased ascii characters. Such names may become reserved for the language. [/home/mdickson/Documents/Projects/OpenSimulator/source/libopenmetaverse/OpenMetaverse/OpenMetaverse.csproj]
/home/mdickson/Documents/Projects/OpenSimulator/source/libopenmetaverse/OpenMetaverse/ImportExport/Collada.cs(13040,26): warning CS8981: The type name 'sampler' only contains lower-cased ascii characters. Such names may become reserved for the language. [/home/mdickson/Documents/Projects/OpenSimulator/source/libopenmetaverse/OpenMetaverse/OpenMetaverse.csproj]
/home/mdickson/Documents/Projects/OpenSimulator/source/libopenmetaverse/OpenMetaverse/ImportExport/Collada.cs(13083,26): warning CS8981: The type name 'source' only contains lower-cased ascii characters. Such names may become reserved for the language. [/home/mdickson/Documents/Projects/OpenSimulator/source/libopenmetaverse/OpenMetaverse/OpenMetaverse.csproj]
/home/mdickson/Documents/Projects/OpenSimulator/source/libopenmetaverse/OpenMetaverse/ImportExport/Collada.cs(13699,26): warning CS8981: The type name 'accessor' only contains lower-cased ascii characters. Such names may become reserved for the language. [/home/mdickson/Documents/Projects/OpenSimulator/source/libopenmetaverse/OpenMetaverse/OpenMetaverse.csproj]
/home/mdickson/Documents/Projects/OpenSimulator/source/libopenmetaverse/OpenMetaverse/ImportExport/Collada.cs(13798,26): warning CS8981: The type name 'param' only contains lower-cased ascii characters. Such names may become reserved for the language. [/home/mdickson/Documents/Projects/OpenSimulator/source/libopenmetaverse/OpenMetaverse/OpenMetaverse.csproj]
/home/mdickson/Documents/Projects/OpenSimulator/source/libopenmetaverse/OpenMetaverse/ImportExport/Collada.cs(2538,26): warning CS8981: The type name 'extra' only contains lower-cased ascii characters. Such names may become reserved for the language. [/home/mdickson/Documents/Projects/OpenSimulator/source/libopenmetaverse/OpenMetaverse/OpenMetaverse.csproj]
/home/mdickson/Documents/Projects/OpenSimulator/source/libopenmetaverse/OpenMetaverse/ImportExport/Collada.cs(2628,26): warning CS8981: The type name 'technique' only contains lower-cased ascii characters. Such names may become reserved for the language. [/home/mdickson/Documents/Projects/OpenSimulator/source/libopenmetaverse/OpenMetaverse/OpenMetaverse.csproj]
/home/mdickson/Documents/Projects/OpenSimulator/source/libopenmetaverse/OpenMetaverse/ImportExport/Collada.cs(13979,26): warning CS8981: The type name 'camera' only contains lower-cased ascii characters. Such names may become reserved for the language. [/home/mdickson/Documents/Projects/OpenSimulator/source/libopenmetaverse/OpenMetaverse/OpenMetaverse.csproj]
/home/mdickson/Documents/Projects/OpenSimulator/source/libopenmetaverse/OpenMetaverse/ImportExport/Collada.cs(14485,26): warning CS8981: The type name 'controller' only contains lower-cased ascii characters. Such names may become reserved for the language. [/home/mdickson/Documents/Projects/OpenSimulator/source/libopenmetaverse/OpenMetaverse/OpenMetaverse.csproj]
/home/mdickson/Documents/Projects/OpenSimulator/source/libopenmetaverse/OpenMetaverse/ImportExport/Collada.cs(14576,26): warning CS8981: The type name 'morph' only contains lower-cased ascii characters. Such names may become reserved for the language. [/home/mdickson/Documents/Projects/OpenSimulator/source/libopenmetaverse/OpenMetaverse/OpenMetaverse.csproj]
/home/mdickson/Documents/Projects/OpenSimulator/source/libopenmetaverse/OpenMetaverse/ImportExport/Collada.cs(14728,26): warning CS8981: The type name 'skin' only contains lower-cased ascii characters. Such names may become reserved for the language. [/home/mdickson/Documents/Projects/OpenSimulator/source/libopenmetaverse/OpenMetaverse/OpenMetaverse.csproj]
/home/mdickson/Documents/Projects/OpenSimulator/source/libopenmetaverse/OpenMetaverse/ImportExport/Collada.cs(15052,26): warning CS8981: The type name 'effect' only contains lower-cased ascii characters. Such names may become reserved for the language. [/home/mdickson/Documents/Projects/OpenSimulator/source/libopenmetaverse/OpenMetaverse/OpenMetaverse.csproj]
/home/mdickson/Documents/Projects/OpenSimulator/source/libopenmetaverse/OpenMetaverse/ImportExport/Collada.cs(15193,26): warning CS8981: The type name 'image' only contains lower-cased ascii characters. Such names may become reserved for the language. [/home/mdickson/Documents/Projects/OpenSimulator/source/libopenmetaverse/OpenMetaverse/OpenMetaverse.csproj]
/home/mdickson/Documents/Projects/OpenSimulator/source/libopenmetaverse/OpenMetaverse/ImportExport/Collada.cs(31533,26): warning CS8981: The type name 'vertices' only contains lower-cased ascii characters. Such names may become reserved for the language. [/home/mdickson/Documents/Projects/OpenSimulator/source/libopenmetaverse/OpenMetaverse/OpenMetaverse.csproj]
/home/mdickson/Documents/Projects/OpenSimulator/source/libopenmetaverse/OpenMetaverse/ImportExport/Collada.cs(31608,26): warning CS8981: The type name 'lines' only contains lower-cased ascii characters. Such names may become reserved for the language. [/home/mdickson/Documents/Projects/OpenSimulator/source/libopenmetaverse/OpenMetaverse/OpenMetaverse.csproj]
/home/mdickson/Documents/Projects/OpenSimulator/source/libopenmetaverse/OpenMetaverse/ImportExport/Collada.cs(31714,26): warning CS8981: The type name 'linestrips' only contains lower-cased ascii characters. Such names may become reserved for the language. [/home/mdickson/Documents/Projects/OpenSimulator/source/libopenmetaverse/OpenMetaverse/OpenMetaverse.csproj]
/home/mdickson/Documents/Projects/OpenSimulator/source/libopenmetaverse/OpenMetaverse/ImportExport/Collada.cs(31821,26): warning CS8981: The type name 'polygons' only contains lower-cased ascii characters. Such names may become reserved for the language. [/home/mdickson/Documents/Projects/OpenSimulator/source/libopenmetaverse/OpenMetaverse/OpenMetaverse.csproj]
/home/mdickson/Documents/Projects/OpenSimulator/source/libopenmetaverse/OpenMetaverse/ImportExport/Collada.cs(31970,26): warning CS8981: The type name 'polylist' only contains lower-cased ascii characters. Such names may become reserved for the language. [/home/mdickson/Documents/Projects/OpenSimulator/source/libopenmetaverse/OpenMetaverse/OpenMetaverse.csproj]
/home/mdickson/Documents/Projects/OpenSimulator/source/libopenmetaverse/OpenMetaverse/ImportExport/Collada.cs(32091,26): warning CS8981: The type name 'triangles' only contains lower-cased ascii characters. Such names may become reserved for the language. [/home/mdickson/Documents/Projects/OpenSimulator/source/libopenmetaverse/OpenMetaverse/OpenMetaverse.csproj]
/home/mdickson/Documents/Projects/OpenSimulator/source/libopenmetaverse/OpenMetaverse/ImportExport/Collada.cs(33302,26): warning CS8981: The type name 'material' only contains lower-cased ascii characters. Such names may become reserved for the language. [/home/mdickson/Documents/Projects/OpenSimulator/source/libopenmetaverse/OpenMetaverse/OpenMetaverse.csproj]
/home/mdickson/Documents/Projects/OpenSimulator/source/libopenmetaverse/OpenMetaverse/ImportExport/Collada.cs(32197,26): warning CS8981: The type name 'trifans' only contains lower-cased ascii characters. Such names may become reserved for the language. [/home/mdickson/Documents/Projects/OpenSimulator/source/libopenmetaverse/OpenMetaverse/OpenMetaverse.csproj]
/home/mdickson/Documents/Projects/OpenSimulator/source/libopenmetaverse/OpenMetaverse/ImportExport/Collada.cs(38217,26): warning CS8981: The type name 'ellipsoid' only contains lower-cased ascii characters. Such names may become reserved for the language. [/home/mdickson/Documents/Projects/OpenSimulator/source/libopenmetaverse/OpenMetaverse/OpenMetaverse.csproj]
/home/mdickson/Documents/Projects/OpenSimulator/source/libopenmetaverse/OpenMetaverse/ImportExport/Collada.cs(32304,26): warning CS8981: The type name 'tristrips' only contains lower-cased ascii characters. Such names may become reserved for the language. [/home/mdickson/Documents/Projects/OpenSimulator/source/libopenmetaverse/OpenMetaverse/OpenMetaverse.csproj]
/home/mdickson/Documents/Projects/OpenSimulator/source/libopenmetaverse/OpenMetaverse/ImportExport/Collada.cs(32411,26): warning CS8981: The type name 'mesh' only contains lower-cased ascii characters. Such names may become reserved for the language. [/home/mdickson/Documents/Projects/OpenSimulator/source/libopenmetaverse/OpenMetaverse/OpenMetaverse.csproj]
/home/mdickson/Documents/Projects/OpenSimulator/source/libopenmetaverse/OpenMetaverse/ImportExport/Collada.cs(34212,26): warning CS8981: The type name 'node' only contains lower-cased ascii characters. Such names may become reserved for the language. [/home/mdickson/Documents/Projects/OpenSimulator/source/libopenmetaverse/OpenMetaverse/OpenMetaverse.csproj]
/home/mdickson/Documents/Projects/OpenSimulator/source/libopenmetaverse/OpenMetaverse/ImportExport/Collada.cs(34475,26): warning CS8981: The type name 'lookat' only contains lower-cased ascii characters. Such names may become reserved for the language. [/home/mdickson/Documents/Projects/OpenSimulator/source/libopenmetaverse/OpenMetaverse/OpenMetaverse.csproj]
/home/mdickson/Documents/Projects/OpenSimulator/source/libopenmetaverse/OpenMetaverse/ImportExport/Collada.cs(34524,26): warning CS8981: The type name 'matrix' only contains lower-cased ascii characters. Such names may become reserved for the language. [/home/mdickson/Documents/Projects/OpenSimulator/source/libopenmetaverse/OpenMetaverse/OpenMetaverse.csproj]
/home/mdickson/Documents/Projects/OpenSimulator/source/libopenmetaverse/OpenMetaverse/ImportExport/Collada.cs(34573,26): warning CS8981: The type name 'rotate' only contains lower-cased ascii characters. Such names may become reserved for the language. [/home/mdickson/Documents/Projects/OpenSimulator/source/libopenmetaverse/OpenMetaverse/OpenMetaverse.csproj]
/home/mdickson/Documents/Projects/OpenSimulator/source/libopenmetaverse/OpenMetaverse/ImportExport/Collada.cs(34622,26): warning CS8981: The type name 'skew' only contains lower-cased ascii characters. Such names may become reserved for the language. [/home/mdickson/Documents/Projects/OpenSimulator/source/libopenmetaverse/OpenMetaverse/OpenMetaverse.csproj]
/home/mdickson/Documents/Projects/OpenSimulator/source/libopenmetaverse/OpenMetaverse/ImportExport/Collada.cs(32491,26): warning CS8981: The type name 'spline' only contains lower-cased ascii characters. Such names may become reserved for the language. [/home/mdickson/Documents/Projects/OpenSimulator/source/libopenmetaverse/OpenMetaverse/OpenMetaverse.csproj]
/home/mdickson/Documents/Projects/OpenSimulator/source/libopenmetaverse/OpenMetaverse/ImportExport/Collada.cs(32793,26): warning CS8981: The type name 'light' only contains lower-cased ascii characters. Such names may become reserved for the language. [/home/mdickson/Documents/Projects/OpenSimulator/source/libopenmetaverse/OpenMetaverse/OpenMetaverse.csproj]
/home/mdickson/Documents/Projects/OpenSimulator/source/libopenmetaverse/OpenMetaverse/ImportExport/Collada.cs(31345,26): warning CS8981: The type name 'geometry' only contains lower-cased ascii characters. Such names may become reserved for the language. [/home/mdickson/Documents/Projects/OpenSimulator/source/libopenmetaverse/OpenMetaverse/OpenMetaverse.csproj]
/home/mdickson/Documents/Projects/OpenSimulator/source/libopenmetaverse/OpenMetaverse/ImportExport/Collada.cs(12904,26): warning CS8981: The type name 'animation' only contains lower-cased ascii characters. Such names may become reserved for the language. [/home/mdickson/Documents/Projects/OpenSimulator/source/libopenmetaverse/OpenMetaverse/OpenMetaverse.csproj]
/home/mdickson/Documents/Projects/OpenSimulator/source/libopenmetaverse/OpenMetaverse/ImportExport/Collada.cs(12997,26): warning CS8981: The type name 'channel' only contains lower-cased ascii characters. Such names may become reserved for the language. [/home/mdickson/Documents/Projects/OpenSimulator/source/libopenmetaverse/OpenMetaverse/OpenMetaverse.csproj]
/home/mdickson/Documents/Projects/OpenSimulator/source/libopenmetaverse/OpenMetaverse/ImportExport/Collada.cs(35851,26): warning CS8981: The type name 'box' only contains lower-cased ascii characters. Such names may become reserved for the language. [/home/mdickson/Documents/Projects/OpenSimulator/source/libopenmetaverse/OpenMetaverse/OpenMetaverse.csproj]
/home/mdickson/Documents/Projects/OpenSimulator/source/libopenmetaverse/OpenMetaverse/ImportExport/Collada.cs(35893,26): warning CS8981: The type name 'capsule' only contains lower-cased ascii characters. Such names may become reserved for the language. [/home/mdickson/Documents/Projects/OpenSimulator/source/libopenmetaverse/OpenMetaverse/OpenMetaverse.csproj]
/home/mdickson/Documents/Projects/OpenSimulator/source/libopenmetaverse/OpenMetaverse/ImportExport/Collada.cs(35950,26): warning CS8981: The type name 'cylinder' only contains lower-cased ascii characters. Such names may become reserved for the language. [/home/mdickson/Documents/Projects/OpenSimulator/source/libopenmetaverse/OpenMetaverse/OpenMetaverse.csproj]
/home/mdickson/Documents/Projects/OpenSimulator/source/libopenmetaverse/OpenMetaverse/ImportExport/Collada.cs(36007,26): warning CS8981: The type name 'plane' only contains lower-cased ascii characters. Such names may become reserved for the language. [/home/mdickson/Documents/Projects/OpenSimulator/source/libopenmetaverse/OpenMetaverse/OpenMetaverse.csproj]
/home/mdickson/Documents/Projects/OpenSimulator/source/libopenmetaverse/OpenMetaverse/ImportExport/Collada.cs(36049,26): warning CS8981: The type name 'sphere' only contains lower-cased ascii characters. Such names may become reserved for the language. [/home/mdickson/Documents/Projects/OpenSimulator/source/libopenmetaverse/OpenMetaverse/OpenMetaverse.csproj]
/home/mdickson/Documents/Projects/OpenSimulator/source/libopenmetaverse/OpenMetaverse/Capabilities/CapsBase.cs(137,54): warning SYSLIB0014: 'WebRequest.Create(Uri)' is obsolete: 'WebRequest, HttpWebRequest, ServicePoint, and WebClient are obsolete. Use HttpClient instead.' (https://aka.ms/dotnet-warnings/SYSLIB0014) [/home/mdickson/Documents/Projects/OpenSimulator/source/libopenmetaverse/OpenMetaverse/OpenMetaverse.csproj]
/home/mdickson/Documents/Projects/OpenSimulator/source/libopenmetaverse/OpenMetaverse/DownloadManager.cs(130,54): warning SYSLIB0014: 'WebRequest.Create(Uri)' is obsolete: 'WebRequest, HttpWebRequest, ServicePoint, and WebClient are obsolete. Use HttpClient instead.' (https://aka.ms/dotnet-warnings/SYSLIB0014) [/home/mdickson/Documents/Projects/OpenSimulator/source/libopenmetaverse/OpenMetaverse/OpenMetaverse.csproj]
/home/mdickson/Documents/Projects/OpenSimulator/source/libopenmetaverse/OpenMetaverse/Imaging/BakeLayer.cs(212,22): warning CS0219: The variable 'processingSkin' is assigned but its value is never used [/home/mdickson/Documents/Projects/OpenSimulator/source/libopenmetaverse/OpenMetaverse/OpenMetaverse.csproj]
/home/mdickson/Documents/Projects/OpenSimulator/source/libopenmetaverse/OpenMetaverse/ImportExport/ColladalLoader.cs(157,86): warning CS0618: 'SKFilterQuality' is obsolete: 'Use SKSamplingOptions instead.' [/home/mdickson/Documents/Projects/OpenSimulator/source/libopenmetaverse/OpenMetaverse/OpenMetaverse.csproj]
/home/mdickson/Documents/Projects/OpenSimulator/source/libopenmetaverse/OpenMetaverse/ImportExport/ColladalLoader.cs(157,40): warning CS0618: 'SKBitmap.Resize(SKImageInfo, SKFilterQuality)' is obsolete: 'Use Resize(SKImageInfo info, SKSamplingOptions sampling) instead.' [/home/mdickson/Documents/Projects/OpenSimulator/source/libopenmetaverse/OpenMetaverse/OpenMetaverse.csproj]
/home/mdickson/Documents/Projects/OpenSimulator/source/libopenmetaverse/OpenMetaverse/AgentManagerMovement.cs(554,99): warning CS9193: Argument 1 should be a variable because it is passed to a 'ref readonly' parameter [/home/mdickson/Documents/Projects/OpenSimulator/source/libopenmetaverse/OpenMetaverse/OpenMetaverse.csproj]
/home/mdickson/Documents/Projects/OpenSimulator/source/libopenmetaverse/OpenMetaverse/EventDictionary.cs(215,27): warning CS0649: Field 'CapsEventDictionary.CapsCallbackWrapper.CapsEvent' is never assigned to, and will always have its default value null [/home/mdickson/Documents/Projects/OpenSimulator/source/libopenmetaverse/OpenMetaverse/OpenMetaverse.csproj]
/home/mdickson/Documents/Projects/OpenSimulator/source/libopenmetaverse/OpenMetaverse/ImportExport/ColladalLoader.cs(56,27): warning CS0649: Field 'ColladaLoader.Node.Name' is never assigned to, and will always have its default value null [/home/mdickson/Documents/Projects/OpenSimulator/source/libopenmetaverse/OpenMetaverse/OpenMetaverse.csproj]
/home/mdickson/Documents/Projects/OpenSimulator/source/libopenmetaverse/OpenMetaverse/EventDictionary.cs(213,44): warning CS0649: Field 'CapsEventDictionary.CapsCallbackWrapper.Callback' is never assigned to, and will always have its default value null [/home/mdickson/Documents/Projects/OpenSimulator/source/libopenmetaverse/OpenMetaverse/OpenMetaverse.csproj]
/home/mdickson/Documents/Projects/OpenSimulator/source/libopenmetaverse/OpenMetaverse/EventDictionary.cs(217,29): warning CS0649: Field 'CapsEventDictionary.CapsCallbackWrapper.Message' is never assigned to, and will always have its default value null [/home/mdickson/Documents/Projects/OpenSimulator/source/libopenmetaverse/OpenMetaverse/OpenMetaverse.csproj]
/home/mdickson/Documents/Projects/OpenSimulator/source/libopenmetaverse/OpenMetaverse/EventDictionary.cs(219,30): warning CS0649: Field 'CapsEventDictionary.CapsCallbackWrapper.Simulator' is never assigned to, and will always have its default value null [/home/mdickson/Documents/Projects/OpenSimulator/source/libopenmetaverse/OpenMetaverse/OpenMetaverse.csproj]
/usr/lib/dotnet/sdk/10.0.107/Microsoft.Common.CurrentVersion.targets(2437,5): warning MSB3245: Could not resolve this reference. Could not locate the assembly "System.Windows.Forms". Check to make sure the assembly exists on disk. If this reference is required by your code, you may get compilation errors. [/home/mdickson/Documents/Projects/OpenSimulator/source/libopenmetaverse/OpenMetaverse.GUI/OpenMetaverse.GUI.csproj]
/usr/lib/dotnet/sdk/10.0.107/Microsoft.Common.CurrentVersion.targets(2437,5): warning MSB3243: No way to resolve conflict between "System.Windows.Forms, Version=8.0.0.0, Culture=neutral, PublicKeyToken=b77a5c561934e089" and "System.Windows.Forms". Choosing "System.Windows.Forms, Version=8.0.0.0, Culture=neutral, PublicKeyToken=b77a5c561934e089" arbitrarily. [/home/mdickson/Documents/Projects/OpenSimulator/source/libopenmetaverse/OpenMetaverse.GUI/OpenMetaverse.GUI.csproj]
/home/mdickson/Documents/Projects/OpenSimulator/source/libopenmetaverse/OpenMetaverse/OpenMetaverse.csproj : warning NU1902: Package 'log4net' 2.0.14 has a known moderate severity vulnerability, https://github.com/advisories/GHSA-4f7c-pmjv-c25w
/home/mdickson/Documents/Projects/OpenSimulator/source/libopenmetaverse/OpenMetaverse.GUI/LoginPanel.cs(196,17): warning SYSLIB0006: 'Thread.Abort()' is obsolete: 'Thread.Abort is not supported and throws PlatformNotSupportedException.' (https://aka.ms/dotnet-warnings/SYSLIB0006) [/home/mdickson/Documents/Projects/OpenSimulator/source/libopenmetaverse/OpenMetaverse.GUI/OpenMetaverse.GUI.csproj]
/home/mdickson/Documents/Projects/OpenSimulator/source/libopenmetaverse/OpenMetaverse.GUI/LoginPanel.cs(246,25): warning SYSLIB0006: 'Thread.Abort()' is obsolete: 'Thread.Abort is not supported and throws PlatformNotSupportedException.' (https://aka.ms/dotnet-warnings/SYSLIB0006) [/home/mdickson/Documents/Projects/OpenSimulator/source/libopenmetaverse/OpenMetaverse.GUI/OpenMetaverse.GUI.csproj]
CSC : error CS5001: Program does not contain a static 'Main' method suitable for an entry point [/home/mdickson/Documents/Projects/OpenSimulator/source/libopenmetaverse/OpenMetaverse.GUI/OpenMetaverse.GUI.csproj]
/home/mdickson/Documents/Projects/OpenSimulator/source/libopenmetaverse/OpenMetaverse.GUI/MiniMap.cs(219,92): error CS1503: Argument 3: cannot convert from 'out System.Drawing.Image' to 'out SkiaSharp.SKBitmap' [/home/mdickson/Documents/Projects/OpenSimulator/source/libopenmetaverse/OpenMetaverse.GUI/OpenMetaverse.GUI.csproj]
    60 Warning(s)
    2 Error(s)

Time Elapsed 00:00:05.88
